---
source: datafusion-tracing/src/preview_utils.rs
expression: result
---
+---+---+---+---+---+---…
| a | c | d | c | e | c …
|   | o | e | i | m | h …
|   | u | s | t | o | i …
|   | n | c | y | j | n …
|   | t | r | _ | i | e …
|   | r | i | n | s | s …
|   | y | p | a |   | e …
|   |   | t | m |   | n …
|   |   | i | e |   | a …
|   |   | o |   |   | m …
|   |   | n |   |   | e …
|===+===+===+===+===+===…
| 1 | F | P | P | 🗼 | 巴 …
|   | r | a | a | 🥖 | 黎 …
|   | … | … | … | … |   …
|---+---+---+---+---+---…
| 3 | U | L | L | 🇬 | 倫 …
|   | n | o | o | 🇧 | 敦 …
|   | … | … | … | … |   …
|---+---+---+---+---+---…
| 7 | S | B | B | 🌞 | 巴 …
|   | p | a | a | 🎨 | 塞 …
|   | … | … | … | … | … …
+---+---+---+---+---+---…
