---
source: datafusion-tracing/src/preview_utils.rs
expression: result
---
+---+---------+----------------+-----------+---------------+---------------…
| a | country | description    | city_name | emojis        | chinese name  …
|===+=========+================+===========+===============+===============…
| 1 | France  | Paris is       | Paris     | 🗼🥖🍷🎨🚲🏰  | 巴黎          …
|   |         | renowned as    |           | 🌟            |               …
|   |         | the City of... |           |               |               …
|---+---------+----------------+-----------+---------------+---------------…
| 3 | United  | London is a    | London    | 🇬🇧🚕🏰🎡🎩☕  | 倫敦          …
|   | Kingdom | dynamic and    |           |               |               …
|   |         | cosmopolita... |           |               |               …
|---+---------+----------------+-----------+---------------+---------------…
| 7 | Spain   | Barcelona is a | Barcelona | 🌞🎨⚽🍴🎉🌊  | 巴塞隆納      …
|   |         | lively coastal |           |               |               …
|   |         | city known ... |           |               |               …
+---+---------+----------------+-----------+---------------+---------------…
