---
source: datafusion-tracing/src/preview_utils.rs
expression: result
---
+---+----------------+---------------------------------------------------------------------------------------------------------------------------------------------------------------------------------------------------------------------------------------------------------------------------------------------------------------------------------------------------------------+-----------+----------------+--------------+-----------+
| a | country        | description                                                                                                                                                                                                                                                                                                                                                   | city_name | emojis         | chinese name | pop_count |
|===+================+===============================================================================================================================================================================================================================================================================================================================================================+===========+================+==============+===========|
| 1 | France         | Paris is renowned as the City of Light, celebrated for its rich history, magnificent architecture, and vibrant arts scene. The city boasts iconic landmarks such as the Eiffel Tower and the Louvre, along with charming streets, quaint cafés, and a deep cultural heritage that continues to inspire artists, writers, and travelers from around the world. | Paris     | 🗼🥖🍷🎨🚲🏰🌟 | 巴黎         | 321       |
|---+----------------+---------------------------------------------------------------------------------------------------------------------------------------------------------------------------------------------------------------------------------------------------------------------------------------------------------------------------------------------------------------+-----------+----------------+--------------+-----------|
| 3 | United Kingdom | London is a dynamic and cosmopolitan metropolis that seamlessly blends its storied past with modern innovation. The city offers an array of historical sites, diverse neighborhoods, and world-class museums and theaters. Its bustling markets, green parks, and ever-evolving cultural scene make London a hub of creativity, commerce, and community life. | London    | 🇬🇧🚕🏰🎡🎩☕   | 倫敦         | 987654    |
|---+----------------+---------------------------------------------------------------------------------------------------------------------------------------------------------------------------------------------------------------------------------------------------------------------------------------------------------------------------------------------------------------+-----------+----------------+--------------+-----------|
| 7 | Spain          | Barcelona is a lively coastal city known for its striking modernist architecture, Mediterranean beaches, and eclectic cultural offerings. From the whimsical creations of Antoni Gaudí to the vibrant street life and renowned culinary delights, Barcelona captivates visitors with its unique blend of historic charm and contemporary energy.              | Barcelona | 🌞🎨⚽🍴🎉🌊   | 巴塞隆納     | 2         |
+---+----------------+---------------------------------------------------------------------------------------------------------------------------------------------------------------------------------------------------------------------------------------------------------------------------------------------------------------------------------------------------------------+-----------+----------------+--------------+-----------+
