---
source: tests/integration_tests.rs
expression: preview
---
+--------+-------------+-------------+-------------+
| points | n_nationkey | nation_name | region_name |
|========+=============+=============+=============|
| 1      | 0           | ALGERIA     | AFRICA      |
|--------+-------------+-------------+-------------|
| 1      | 0           | ALGERIA     | AFRICA      |
|--------+-------------+-------------+-------------|
| 2      | 0           | ALGERIA     | AFRICA      |
|--------+-------------+-------------+-------------|
| 1      | 0           | ALGERIA     | AFRICA      |
|--------+-------------+-------------+-------------|
| 1      | 0           | ALGERIA     | AFRICA      |
+--------+-------------+-------------+-------------+
