---
source: tests/integration_tests.rs
expression: preview
---
+---------+------------------------+
| MinTemp | count(Int64(1))[count] |
|=========+========================|
| 8.0     | 1                      |
|---------+------------------------|
| 14.0    | 1                      |
|---------+------------------------|
| 13.7    | 1                      |
|---------+------------------------|
| 13.3    | 3                      |
|---------+------------------------|
| 7.6     | 1                      |
+---------+------------------------+
